== pre (doit échouer)

Running 2 tests using 1 worker

  ✓  1 [setup] › auth.setup.js:3:1 › connexion BO (14.2s)
  ✘  2 [bo] › 41007/oracle.bo.spec.js:7:1 › total de la grille Pays = nombre réel de pays (1.5s)


  1) [bo] › 41007/oracle.bo.spec.js:7:1 › total de la grille Pays = nombre réel de pays ────────────

    Error: en-tête de grille : "Pays (1)"

    expect(received).toBeGreaterThan(expected)

    Expected: > 200
    Received:   1

      14 |   const text = await header.innerText();
      15 |   const total = Number((text.match(/\((\d+)\)/) || [])[1]);
    > 16 |   expect(total, `en-tête de grille : "${text}"`).toBeGreaterThan(200);
         |                                                  ^
      17 | });
      18 |
        at /home/elrems/kaggle/bench/replay/41007/oracle.bo.spec.js:16:50

    Error Context: test-results-8083/41007-oracle.bo-total-de-la-grille-Pays-nombre-réel-de-pays-bo/error-context.md

    attachment #2: trace (application/zip) ─────────────────────────────────────────────────────────
    test-results-8083/41007-oracle.bo-total-de-la-grille-Pays-nombre-réel-de-pays-bo/trace.zip
    Usage:

        npx playwright show-trace test-results-8083/41007-oracle.bo-total-de-la-grille-Pays-nombre-réel-de-pays-bo/trace.zip

    ────────────────────────────────────────────────────────────────────────────────────────────────

  1 failed
    [bo] › 41007/oracle.bo.spec.js:7:1 › total de la grille Pays = nombre réel de pays ─────────────
  1 passed (17.2s)
rc_pre=1
== post (doit passer)

Running 2 tests using 1 worker

  ✓  1 [setup] › auth.setup.js:3:1 › connexion BO (12.8s)
  ✓  2 [bo] › 41007/oracle.bo.spec.js:7:1 › total de la grille Pays = nombre réel de pays (1.4s)

  2 passed (15.6s)
rc_post=0
== agent A
== #41007 condition A (gemma-4-31b-it)
{"applied": true, "fixed": true, "regression": false, "loc_hit": true, "turns": 3}
→ /home/elrems/kaggle/runs/20260930-101308-A  corrigés 1/1  localisation 1/1
run=runs/20260930-101308-A
== eval
 "replay_error": "",
 "seconds": 87
}
FIN
